// Jest Snapshot v1, https://goo.gl/fbAQLP

exports[`render ok 1`] = `
"<view class=\\"vin-switch switch-close vin-switch-base\\">
  <view class=\\"switch-button\\">
    <!--v-if-->
    <!-- <view v-show=\\"!modelValue\\" class=\\"close-line\\"></view> -->
    <!--v-if-->
  </view>
</view>"
`;
