// Jest Snapshot v1, https://goo.gl/fbAQLP

exports[`should change avatar shape when using avatarShape prop 1`] = `
"<view style=\\"width: 50px; height: 50px; background-color: rgb(239, 239, 239); color: rgb(102, 102, 102);\\" class=\\"vin-avatar vin-avatar-normal vin-avatar-square vin-skeleton__avatar vin-skeleton__avatar--square\\">
  <!--v-if-->
  <!--v-if-->
  <!-- 折叠头像 -->
  <!--v-if-->
</view>"
`;

exports[`should change avatar size when using avatarSize prop: 20px 1`] = `"20px"`;

exports[`should change avatar size when using avatarSize prop: 20px 2`] = `"20px"`;

exports[`should render default slot 1`] = `
"<view class=\\"vin-skeleton\\">
  <!--v-if-->
  <view class=\\"content\\">
    <!--v-if-->
    <view class=\\"vin-skeleton__block\\" style=\\"width: 100px; height: 100px;\\"></view>
    <view class=\\"content-line\\">
      <view class=\\"title\\"></view>
      <view class=\\"vin-skeleton__block\\" style=\\"width: 100px; height: 100px;\\"></view>
    </view>
  </view>
</view>"
`;
