// Jest Snapshot v1, https://goo.gl/fbAQLP

exports[`size props 1`] = `"<view class=\\"vin-avatar-group\\"></view>"`;
