// Jest Snapshot v1, https://goo.gl/fbAQLP

exports[`should render fixed element when using bottom prop 1`] = `"<view class=\\"vin-tabbar vin-tabbar-bottom vin-tabbar-safebottom\\"></view>"`;
