// Jest Snapshot v1, https://goo.gl/fbAQLP

exports[`render preview image 1`] = `
"<view class=\\"vin-uploader\\" modelvalue=\\"[object Object],[object Object],[object Object]\\">
  <!--v-if-->
  <view class=\\"vin-uploader__upload picture\\"><i class=\\"vin-iconfont vin-icon vin-icon-photograph\\" style=\\"color: rgb(128, 128, 128);\\" src=\\"\\" modelvalue=\\"[object Object],[object Object],[object Object]\\"></i><input class=\\"vin-uploader__input\\" type=\\"file\\" accept=\\"*\\" name=\\"file\\"></view>
</view>"
`;
