// Jest Snapshot v1, https://goo.gl/fbAQLP

exports[`should render title„ÄÅdesc slot correctly 1`] = `
"<view class=\\"vin-cell-group\\">Custom TitleCustom Desc<view class=\\"vin-cell-group__warp\\"></view>
</view>"
`;
