// Jest Snapshot v1, https://goo.gl/fbAQLP

exports[`slot: html should contain customer text 1`] = `"<view class=\\"vin-divider vin-divider-center vin-divider-hairline\\">customer text</view>"`;
